Loading weights:   0%|          | 0/883 [00:00<?, ?it/s]Loading weights:   0%|          | 1/883 [00:00<09:02,  1.63it/s]Loading weights:   1%|          | 10/883 [00:00<00:47, 18.24it/s]Loading weights:   5%|▍         | 42/883 [00:00<00:10, 82.01it/s]Loading weights:   8%|▊         | 70/883 [00:00<00:06, 125.32it/s]Loading weights:  12%|█▏        | 107/883 [00:01<00:04, 181.49it/s]Loading weights:  15%|█▌        | 135/883 [00:01<00:03, 205.52it/s]Loading weights:  19%|█▉        | 172/883 [00:01<00:02, 245.73it/s]Loading weights:  23%|██▎       | 202/883 [00:01<00:02, 249.31it/s]Loading weights:  26%|██▌       | 231/883 [00:01<00:02, 246.55it/s]Loading weights:  30%|██▉       | 263/883 [00:01<00:02, 258.43it/s]Loading weights:  33%|███▎      | 291/883 [00:01<00:02, 249.42it/s]Loading weights:  37%|███▋      | 328/883 [00:01<00:02, 277.05it/s]Loading weights:  41%|████      | 361/883 [00:01<00:01, 291.44it/s]Loading weights:  45%|████▍     | 394/883 [00:02<00:01, 299.17it/s]Loading weights:  49%|████▉     | 432/883 [00:02<00:01, 315.87it/s]Loading weights:  63%|██████▎   | 557/883 [00:02<00:00, 581.04it/s]Loading weights:  82%|████████▏ | 725/883 [00:02<00:00, 898.38it/s]Loading weights:  99%|█████████▉| 873/883 [00:02<00:00, 1065.12it/s]Loading weights: 100%|██████████| 883/883 [00:02<00:00, 362.47it/s] 
trainable params: 3,223,552 || all params: 4,303,303,024 || trainable%: 0.0749

Model statistics:
  Total parameters:     2,629,284,338
  Trainable parameters: 22,381,442
  MRI encoder LoRA:     589,824
{
  "variant": "A",
  "seed": 42,
  "training_scheme": "clarity_all_pair",
  "optimizer_steps": 2400,
  "warmup_steps": 240,
  "samples_seen": 38200,
  "effective_dataset_passes": 100.0,
  "checkpoint_optimizer_step": 456,
  "checkpoint_samples_seen": 7258,
  "checkpoint_effective_dataset_passes": 19.0,
  "checkpoint_file": "best_val_loss.pt",
  "checkpoint_selection_criterion": "validation_total_loss",
  "checkpoint_validation_metrics": {
    "loss": 1.8162253073283605,
    "latent": 0.19711623873029435,
    "cox": 1.540224552154541,
    "bce": 0.17744264006614685,
    "cf": 0.0,
    "c_index": 0.5
  },
  "upstream_commit": "dadb82241a24f5ec5e4e4dc994e3116fd4a9da04",
  "cohort_counts": {
    "train": {
      "trajectory_count": 74,
      "unique_patient_count": 38,
      "primary_survival_window_count": 38
    },
    "validation": {
      "trajectory_count": 11,
      "unique_patient_count": 5,
      "primary_survival_window_count": 5
    },
    "test": {
      "trajectory_count": 16,
      "unique_patient_count": 8,
      "primary_survival_window_count": 8
    }
  },
  "primary_survival_window_rule": "earliest_eligible_four_stage_window_per_patient",
  "recursive": {
    "H1": {
      "trajectory_count": 16,
      "unique_patient_count": 8,
      "primary_survival_window_count": 8,
      "latent_mse": 0.16614777129143476,
      "cosine_similarity": 0.913414478302002,
      "c_index": 0.4117647058823529,
      "brier365": 0.5180982843814292
    },
    "H2": {
      "trajectory_count": 16,
      "unique_patient_count": 8,
      "primary_survival_window_count": 8,
      "latent_mse": 0.16404435131698847,
      "cosine_similarity": 0.9145362190902233,
      "c_index": 0.4,
      "brier365": 0.5524583268901219
    },
    "H3": {
      "trajectory_count": 16,
      "unique_patient_count": 8,
      "primary_survival_window_count": 8,
      "latent_mse": 0.18340921914204955,
      "cosine_similarity": 0.9049310944974422,
      "c_index": 0.4666666666666667,
      "brier365": 0.716960856344083
    }
  },
  "representation_sanity": {
    "observed_latent_variance": 0.0709870383143425,
    "observed_transition_l2_mean": 41.550079345703125,
    "encoder_trainable_parameter_rms_delta": 0.006246611064773271
  },
  "error_accumulation": 0.017261447850614786,
  "h3_h1_mse_ratio": 1.1038921420157783,
  "all_pair_counts": {
    "train": {
      "pair_count": 382,
      "unique_patient_count": 38,
      "primary_survival_pair_count": 38
    },
    "validation": {
      "pair_count": 56,
      "unique_patient_count": 5,
      "primary_survival_pair_count": 5
    }
  }
}
