{
  "training_control": {
    "total_steps": 2400,
    "warmup_steps": 240,
    "validation_interval_steps": 24
  },
  "primary": {
    "A": {
      "optimizer_steps": {
        "mean": 2400.0,
        "std": 0.0,
        "values": [
          2400.0,
          2400.0,
          2400.0
        ]
      },
      "warmup_steps": {
        "mean": 240.0,
        "std": 0.0,
        "values": [
          240.0,
          240.0,
          240.0
        ]
      },
      "samples_seen": {
        "mean": 38200.0,
        "std": 0.0,
        "values": [
          38200.0,
          38200.0,
          38200.0
        ]
      },
      "effective_dataset_passes": {
        "mean": 100.0,
        "std": 0.0,
        "values": [
          100.0,
          100.0,
          100.0
        ]
      },
      "checkpoint_optimizer_step": {
        "mean": 368.0,
        "std": 60.398675482166,
        "values": [
          432.0,
          312.0,
          360.0
        ]
      },
      "H1_latent_mse": {
        "mean": 0.16217028660078844,
        "std": 0.013640186624854916,
        "values": [
          0.17300929315388203,
          0.1468542362563312,
          0.16664733039215207
        ]
      },
      "H1_cosine_similarity": {
        "mean": 0.9155372070769469,
        "std": 0.007226706513539598,
        "values": [
          0.9098156318068504,
          0.9236585050821304,
          0.9131374843418598
        ]
      },
      "H1_c_index": {
        "mean": 0.37254901960784315,
        "std": 0.06792356108113243,
        "values": [
          0.4117647058823529,
          0.4117647058823529,
          0.29411764705882354
        ]
      },
      "H1_brier365": {
        "mean": 0.565845362519958,
        "std": 0.1437140690042384,
        "values": [
          0.4146365979035098,
          0.5822410819727292,
          0.7006584076836349
        ]
      },
      "H2_latent_mse": {
        "mean": 0.19752542829761902,
        "std": 0.08600298523639548,
        "values": [
          0.29469696804881096,
          0.13119755126535892,
          0.1666817655786872
        ]
      },
      "H2_cosine_similarity": {
        "mean": 0.8978418707847595,
        "std": 0.04378100372070411,
        "values": [
          0.8484572842717171,
          0.9318962283432484,
          0.9131720997393131
        ]
      },
      "H2_c_index": {
        "mean": 0.24444444444444446,
        "std": 0.07698003589195009,
        "values": [
          0.3333333333333333,
          0.2,
          0.2
        ]
      },
      "H2_brier365": {
        "mean": 0.5569658356253023,
        "std": 0.08555353514884118,
        "values": [
          0.4687685191679044,
          0.5625244834265352,
          0.6396045042814675
        ]
      },
      "H3_latent_mse": {
        "mean": 0.30707385018467903,
        "std": 0.2780258037508693,
        "values": [
          0.6268193917348981,
          0.1222924655303359,
          0.1721096932888031
        ]
      },
      "H3_cosine_similarity": {
        "mean": 0.8451472794016203,
        "std": 0.13637247367678915,
        "values": [
          0.6884125657379627,
          0.9366722851991653,
          0.9103569872677326
        ]
      },
      "H3_c_index": {
        "mean": 0.2888888888888889,
        "std": 0.10183501544346313,
        "values": [
          0.2,
          0.4,
          0.26666666666666666
        ]
      },
      "H3_brier365": {
        "mean": 0.4082911390869623,
        "std": 0.3143992741332141,
        "values": [
          0.7712397183946551,
          0.23375588102170797,
          0.2198778178445238
        ]
      },
      "error_accumulation": {
        "mean": 0.1449035635838906,
        "std": 0.2679417803794238,
        "values": [
          0.45381009858101606,
          -0.024561770725995302,
          0.00546236289665103
        ]
      },
      "observed_latent_variance": {
        "mean": 0.0642637312412262,
        "std": 0.0059170651856860065,
        "values": [
          0.07102027535438538,
          0.060005974024534225,
          0.06176494434475899
        ]
      },
      "observed_transition_l2_mean": {
        "mean": 38.42217890421549,
        "std": 2.491892522445979,
        "values": [
          41.2958869934082,
          36.859310150146484,
          37.1113395690918
        ]
      },
      "encoder_trainable_parameter_rms_delta": {
        "mean": 0.005884172650578847,
        "std": 0.00032027053061210156,
        "values": [
          0.006204582255780338,
          0.005564041375968226,
          0.005883894319987977
        ]
      }
    },
    "B": {
      "optimizer_steps": {
        "mean": 2400.0,
        "std": 0.0,
        "values": [
          2400.0,
          2400.0,
          2400.0
        ]
      },
      "warmup_steps": {
        "mean": 240.0,
        "std": 0.0,
        "values": [
          240.0,
          240.0,
          240.0
        ]
      },
      "samples_seen": {
        "mean": 35520.0,
        "std": 0.0,
        "values": [
          35520.0,
          35520.0,
          35520.0
        ]
      },
      "effective_dataset_passes": {
        "mean": 480.0,
        "std": 0.0,
        "values": [
          480.0,
          480.0,
          480.0
        ]
      },
      "checkpoint_optimizer_step": {
        "mean": 432.0,
        "std": 24.0,
        "values": [
          456.0,
          432.0,
          408.0
        ]
      },
      "H1_latent_mse": {
        "mean": 0.17355299151192108,
        "std": 0.0019952511643273273,
        "values": [
          0.1716431500390172,
          0.1733919344842434,
          0.17562389001250267
        ]
      },
      "H1_cosine_similarity": {
        "mean": 0.909003080179294,
        "std": 0.001098973585313244,
        "values": [
          0.9100124873220921,
          0.9091643840074539,
          0.9078323692083359
        ]
      },
      "H1_c_index": {
        "mean": 0.5098039215686274,
        "std": 0.089854425391291,
        "values": [
          0.5294117647058824,
          0.5882352941176471,
          0.4117647058823529
        ]
      },
      "H1_brier365": {
        "mean": 0.7530562029346894,
        "std": 0.1530132721467089,
        "values": [
          0.6990776291387916,
          0.6343478692917954,
          0.925743110373481
        ]
      },
      "H2_latent_mse": {
        "mean": 0.1616013633708159,
        "std": 0.007182338895045442,
        "values": [
          0.15449258685112,
          0.16145643219351768,
          0.16885507106781006
        ]
      },
      "H2_cosine_similarity": {
        "mean": 0.9153506817917029,
        "std": 0.003874093940160462,
        "values": [
          0.9191708602011204,
          0.9154563508927822,
          0.9114248342812061
        ]
      },
      "H2_c_index": {
        "mean": 0.6222222222222222,
        "std": 0.13877773329774215,
        "values": [
          0.7333333333333333,
          0.4666666666666667,
          0.6666666666666666
        ]
      },
      "H2_brier365": {
        "mean": 0.775870288545048,
        "std": 0.08156416547548699,
        "values": [
          0.6900890705345125,
          0.7850874648891751,
          0.8524343302114562
        ]
      },
      "H3_latent_mse": {
        "mean": 0.1529120490886271,
        "std": 0.007326772938152095,
        "values": [
          0.14445258025079966,
          0.15704359021037817,
          0.15723997680470347
        ]
      },
      "H3_cosine_similarity": {
        "mean": 0.9201019008954366,
        "std": 0.003968090884243367,
        "values": [
          0.9246830642223358,
          0.9178851582109928,
          0.9177374802529812
        ]
      },
      "H3_c_index": {
        "mean": 0.5777777777777778,
        "std": 0.03849001794597504,
        "values": [
          0.6,
          0.6,
          0.5333333333333333
        ]
      },
      "H3_brier365": {
        "mean": 0.2573439383835917,
        "std": 0.0451905726870494,
        "values": [
          0.30684750828099955,
          0.2183010623168927,
          0.2468832445528829
        ]
      },
      "error_accumulation": {
        "mean": -0.02064094242329399,
        "std": 0.005762733655628715,
        "values": [
          -0.027190569788217545,
          -0.016348344273865223,
          -0.018383913207799196
        ]
      },
      "observed_latent_variance": {
        "mean": 0.05900841330488523,
        "std": 0.001500301831612395,
        "values": [
          0.06074078753590584,
          0.05815030261874199,
          0.05813414976000786
        ]
      },
      "observed_transition_l2_mean": {
        "mean": 35.95274225870768,
        "std": 0.3705376950037002,
        "values": [
          36.30048751831055,
          35.994747161865234,
          35.562992095947266
        ]
      },
      "encoder_trainable_parameter_rms_delta": {
        "mean": 0.005376109115994371,
        "std": 0.00018072331574907845,
        "values": [
          0.005489241748133703,
          0.005471403500944624,
          0.005167682098904787
        ]
      }
    },
    "C": {
      "optimizer_steps": {
        "mean": 2400.0,
        "std": 0.0,
        "values": [
          2400.0,
          2400.0,
          2400.0
        ]
      },
      "warmup_steps": {
        "mean": 240.0,
        "std": 0.0,
        "values": [
          240.0,
          240.0,
          240.0
        ]
      },
      "samples_seen": {
        "mean": 38200.0,
        "std": 0.0,
        "values": [
          38200.0,
          38200.0,
          38200.0
        ]
      },
      "effective_dataset_passes": {
        "mean": 100.0,
        "std": 0.0,
        "values": [
          100.0,
          100.0,
          100.0
        ]
      },
      "checkpoint_optimizer_step": {
        "mean": 488.0,
        "std": 60.398675482166,
        "values": [
          552.0,
          432.0,
          480.0
        ]
      },
      "H1_latent_mse": {
        "mean": 0.14815316333745918,
        "std": 0.003579470291487881,
        "values": [
          0.14905125088989735,
          0.144210169557482,
          0.15119806956499815
        ]
      },
      "H1_cosine_similarity": {
        "mean": 0.9228883994122347,
        "std": 0.0018982282165637403,
        "values": [
          0.9222933910787106,
          0.9250128529965878,
          0.9213589541614056
        ]
      },
      "H1_c_index": {
        "mean": 0.5098039215686275,
        "std": 0.13584712216226488,
        "values": [
          0.5882352941176471,
          0.5882352941176471,
          0.35294117647058826
        ]
      },
      "H1_brier365": {
        "mean": 0.6827362718799433,
        "std": 0.178528449623144,
        "values": [
          0.5282299593038587,
          0.6418020478964466,
          0.8781768084395247
        ]
      },
      "H2_latent_mse": {
        "mean": 0.1397432175775369,
        "std": 0.0092034322941839,
        "values": [
          0.13192918291315436,
          0.1374125420115888,
          0.14988792780786753
        ]
      },
      "H2_cosine_similarity": {
        "mean": 0.927323350061973,
        "std": 0.004776681973118013,
        "values": [
          0.9313418045639992,
          0.9285860806703568,
          0.9220421649515629
        ]
      },
      "H2_c_index": {
        "mean": 0.2888888888888889,
        "std": 0.10183501544346313,
        "values": [
          0.4,
          0.26666666666666666,
          0.2
        ]
      },
      "H2_brier365": {
        "mean": 0.7931459057789718,
        "std": 0.10079255504290101,
        "values": [
          0.7093713747223398,
          0.9050010933270054,
          0.7650652492875704
        ]
      },
      "H3_latent_mse": {
        "mean": 0.1494295767818888,
        "std": 0.021828303584276516,
        "values": [
          0.1262373887002468,
          0.15247776778414845,
          0.16957357386127114
        ]
      },
      "H3_cosine_similarity": {
        "mean": 0.9223538960019747,
        "std": 0.011355440715282814,
        "values": [
          0.9344083666801453,
          0.9207946956157684,
          0.9118586257100105
        ]
      },
      "H3_c_index": {
        "mean": 0.4666666666666666,
        "std": 0.17638342073763935,
        "values": [
          0.5333333333333333,
          0.6,
          0.26666666666666666
        ]
      },
      "H3_brier365": {
        "mean": 0.38349988651490224,
        "std": 0.044072679179811315,
        "values": [
          0.33287607374795525,
          0.41331992286427005,
          0.40430366293248143
        ]
      },
      "error_accumulation": {
        "mean": 0.001276413444429636,
        "std": 0.021466217095065094,
        "values": [
          -0.022813862189650536,
          0.00826759822666645,
          0.018375504296272993
        ]
      },
      "observed_latent_variance": {
        "mean": 0.06429564331968625,
        "std": 0.0019754526418713993,
        "values": [
          0.06577207893133163,
          0.062051597982645035,
          0.06506325304508209
        ]
      },
      "observed_transition_l2_mean": {
        "mean": 38.712660471598305,
        "std": 0.2815269908532712,
        "values": [
          39.00495910644531,
          38.44330978393555,
          38.68971252441406
        ]
      },
      "encoder_trainable_parameter_rms_delta": {
        "mean": 0.0062796615761595955,
        "std": 0.00019368032430629807,
        "values": [
          0.006491144094269338,
          0.00611092486946075,
          0.006236915764748699
        ]
      },
      "H1_latent_disagreement_mean": {
        "mean": 0.008530123896586398,
        "std": 0.0006734978938038756,
        "values": [
          0.007762558874674141,
          0.008805590361589566,
          0.009022222453495488
        ]
      },
      "H1_latent_disagreement_error_pearson": {
        "mean": -0.32905330994482,
        "std": 0.1302032393561035,
        "values": [
          -0.3187538162731948,
          -0.46410041572762545,
          -0.2043056978336398
        ]
      },
      "H1_survival_probability_disagreement_mean": {
        "mean": 0.03937933351456498,
        "std": 0.027176078896161117,
        "values": [
          0.022972798673436046,
          0.024416710599325597,
          0.0707484912709333
        ]
      },
      "H2_latent_disagreement_mean": {
        "mean": 0.010333266070423027,
        "std": 0.0016371451774893448,
        "values": [
          0.00881691972608678,
          0.010113807074958459,
          0.012069071410223842
        ]
      },
      "H2_latent_disagreement_error_pearson": {
        "mean": -0.051097331602853825,
        "std": 0.37945483648130596,
        "values": [
          -0.2768401289352345,
          -0.2634429605020547,
          0.3869910946287277
        ]
      },
      "H2_survival_probability_disagreement_mean": {
        "mean": 0.06411446849233471,
        "std": 0.05949211113644465,
        "values": [
          0.031623827293515205,
          0.027942425906076096,
          0.13277715227741282
        ]
      },
      "H3_latent_disagreement_mean": {
        "mean": 0.01749513763934374,
        "std": 0.007621820153383326,
        "values": [
          0.009738260181620717,
          0.017772842897102237,
          0.024974309839308262
        ]
      },
      "H3_latent_disagreement_error_pearson": {
        "mean": 0.3619739776300383,
        "std": 0.44898391646359737,
        "values": [
          -0.1430324599500777,
          0.7160297972975277,
          0.5129245955426649
        ]
      },
      "H3_survival_probability_disagreement_mean": {
        "mean": 0.1481796527223196,
        "std": 0.13537820879198575,
        "values": [
          0.03653135659988038,
          0.10925015760585666,
          0.2987574439612217
        ]
      },
      "H1_member_0_latent_mse": {
        "mean": 0.15684339993943772,
        "std": 0.00450967920574864,
        "values": [
          0.1560973832383752,
          0.15275324787944555,
          0.16167956870049238
        ]
      },
      "H1_member_0_cosine_similarity": {
        "mean": 0.9185123878220717,
        "std": 0.002326004822183761,
        "values": [
          0.9187967628240585,
          0.9206831306219101,
          0.9160572700202465
        ]
      },
      "H1_member_1_latent_mse": {
        "mean": 0.15641360310837626,
        "std": 0.00282965146254438,
        "values": [
          0.15736296260729432,
          0.15323134791105986,
          0.15864649880677462
        ]
      },
      "H1_member_1_cosine_similarity": {
        "mean": 0.9185207933187485,
        "std": 0.001537952752718116,
        "values": [
          0.9177698791027069,
          0.9202899485826492,
          0.9175025522708893
        ]
      },
      "H1_member_2_latent_mse": {
        "mean": 0.15679285364846388,
        "std": 0.0036397084069157803,
        "values": [
          0.1569810793735087,
          0.15306268446147442,
          0.16033479711040854
        ]
      },
      "H1_member_2_cosine_similarity": {
        "mean": 0.9184711376825968,
        "std": 0.0018534843994634826,
        "values": [
          0.918325774371624,
          0.9203930236399174,
          0.9166946150362492
        ]
      },
      "H2_member_0_latent_mse": {
        "mean": 0.14664267531285682,
        "std": 0.0077646790871073856,
        "values": [
          0.13912871200591326,
          0.14616344310343266,
          0.1546358708292246
        ]
      },
      "H2_member_0_cosine_similarity": {
        "mean": 0.9238921975096067,
        "std": 0.004005569349491973,
        "values": [
          0.9277506843209267,
          0.924171719700098,
          0.9197541885077953
        ]
      },
      "H2_member_1_latent_mse": {
        "mean": 0.14595038210973144,
        "std": 0.007495589971584951,
        "values": [
          0.13764769956469536,
          0.1479844218119979,
          0.15221902495250106
        ]
      },
      "H2_member_1_cosine_similarity": {
        "mean": 0.9240596840778986,
        "std": 0.0037553430701290588,
        "values": [
          0.9282218925654888,
          0.9230319634079933,
          0.9209251962602139
        ]
      },
      "H2_member_2_latent_mse": {
        "mean": 0.15763639208550254,
        "std": 0.018574789596119145,
        "values": [
          0.1454619038850069,
          0.14843118097633123,
          0.1790160913951695
        ]
      },
      "H2_member_2_cosine_similarity": {
        "mean": 0.9182257503271103,
        "std": 0.009388404124762672,
        "values": [
          0.924362950026989,
          0.922896221280098,
          0.9074180796742439
        ]
      },
      "H3_member_0_latent_mse": {
        "mean": 0.16576212799797455,
        "std": 0.03602525312172985,
        "values": [
          0.13413671078160405,
          0.20497769117355347,
          0.15817198203876615
        ]
      },
      "H3_member_0_cosine_similarity": {
        "mean": 0.9145896049837271,
        "std": 0.01803056248018746,
        "values": [
          0.9304722435772419,
          0.8949903473258018,
          0.9183062240481377
        ]
      },
      "H3_member_1_latent_mse": {
        "mean": 0.1491495642500619,
        "std": 0.013664111720664734,
        "values": [
          0.1337688541971147,
          0.15379307372495532,
          0.1598867648281157
        ]
      },
      "H3_member_1_cosine_similarity": {
        "mean": 0.922615056236585,
        "std": 0.006815574288581783,
        "values": [
          0.9303157068789005,
          0.9201708026230335,
          0.9173586592078209
        ]
      },
      "H3_member_2_latent_mse": {
        "mean": 0.185862448066473,
        "std": 0.06930015273252481,
        "values": [
          0.14002137910574675,
          0.15198105946183205,
          0.26558490563184023
        ]
      },
      "H3_member_2_cosine_similarity": {
        "mean": 0.904610442618529,
        "std": 0.03423895227562773,
        "values": [
          0.9272824414074421,
          0.9213242419064045,
          0.8652246445417404
        ]
      }
    },
    "D": {
      "optimizer_steps": {
        "mean": 2400.0,
        "std": 0.0,
        "values": [
          2400.0,
          2400.0,
          2400.0
        ]
      },
      "warmup_steps": {
        "mean": 240.0,
        "std": 0.0,
        "values": [
          240.0,
          240.0,
          240.0
        ]
      },
      "samples_seen": {
        "mean": 35520.0,
        "std": 0.0,
        "values": [
          35520.0,
          35520.0,
          35520.0
        ]
      },
      "effective_dataset_passes": {
        "mean": 480.0,
        "std": 0.0,
        "values": [
          480.0,
          480.0,
          480.0
        ]
      },
      "checkpoint_optimizer_step": {
        "mean": 384.0,
        "std": 48.0,
        "values": [
          432.0,
          384.0,
          336.0
        ]
      },
      "H1_latent_mse": {
        "mean": 0.17712202901020646,
        "std": 0.009915996623295321,
        "values": [
          0.16671092808246613,
          0.1782003864645958,
          0.18645477248355746
        ]
      },
      "H1_cosine_similarity": {
        "mean": 0.9067049846053123,
        "std": 0.0054818693557736765,
        "values": [
          0.9124452397227287,
          0.906145267188549,
          0.9015244469046593
        ]
      },
      "H1_c_index": {
        "mean": 0.5294117647058824,
        "std": 0.0,
        "values": [
          0.5294117647058824,
          0.5294117647058824,
          0.5294117647058824
        ]
      },
      "H1_brier365": {
        "mean": 0.832853613112145,
        "std": 0.14794385126151371,
        "values": [
          0.9539593777838943,
          0.8766435716832632,
          0.6679578898692773
        ]
      },
      "H2_latent_mse": {
        "mean": 0.16884096044426164,
        "std": 0.017264297356974028,
        "values": [
          0.15073282178491354,
          0.1706750956363976,
          0.18511496391147375
        ]
      },
      "H2_cosine_similarity": {
        "mean": 0.9110664452115694,
        "std": 0.009513505976170256,
        "values": [
          0.9210262484848499,
          0.9101000875234604,
          0.9020729996263981
        ]
      },
      "H2_c_index": {
        "mean": 0.4666666666666666,
        "std": 0.11547005383792516,
        "values": [
          0.5333333333333333,
          0.3333333333333333,
          0.5333333333333333
        ]
      },
      "H2_brier365": {
        "mean": 0.8489903644357973,
        "std": 0.0927777492931481,
        "values": [
          0.9214344133162325,
          0.8811174848348468,
          0.7444191951563129
        ]
      },
      "H3_latent_mse": {
        "mean": 0.16542101154724756,
        "std": 0.021945356860162732,
        "values": [
          0.14209353271871805,
          0.16851327288895845,
          0.1856562290340662
        ]
      },
      "H3_cosine_similarity": {
        "mean": 0.9129924351970354,
        "std": 0.012082211923420986,
        "values": [
          0.925814937800169,
          0.9113422147929668,
          0.9018201529979706
        ]
      },
      "H3_c_index": {
        "mean": 0.4444444444444445,
        "std": 0.03849001794597504,
        "values": [
          0.4,
          0.4666666666666667,
          0.4666666666666667
        ]
      },
      "H3_brier365": {
        "mean": 0.2561332210600418,
        "std": 0.0038672977401233597,
        "values": [
          0.2577866857891947,
          0.2588989158141205,
          0.25171406157681026
        ]
      },
      "error_accumulation": {
        "mean": -0.011701017462958893,
        "std": 0.01203645642532928,
        "values": [
          -0.024617395363748074,
          -0.00968711357563734,
          -0.0007985434494912624
        ]
      },
      "observed_latent_variance": {
        "mean": 0.058634436378876366,
        "std": 0.0003190365569021734,
        "values": [
          0.05848737061023712,
          0.05900048092007637,
          0.05841545760631561
        ]
      },
      "observed_transition_l2_mean": {
        "mean": 36.187085469563804,
        "std": 0.4152721153275013,
        "values": [
          36.00604248046875,
          36.66214370727539,
          35.893070220947266
        ]
      },
      "encoder_trainable_parameter_rms_delta": {
        "mean": 0.005451065084705996,
        "std": 0.00017381093210943737,
        "values": [
          0.005614356537106148,
          0.005470474622102322,
          0.005268364094909519
        ]
      },
      "H1_latent_disagreement_mean": {
        "mean": 0.019064926348316174,
        "std": 0.0007287884401561556,
        "values": [
          0.018226115964353085,
          0.019425761536695063,
          0.01954290154390037
        ]
      },
      "H1_latent_disagreement_error_pearson": {
        "mean": -0.4441830011068917,
        "std": 0.09725498031772287,
        "values": [
          -0.5564596372050703,
          -0.3860449489608423,
          -0.3900444171547625
        ]
      },
      "H1_survival_probability_disagreement_mean": {
        "mean": 0.02485994246004945,
        "std": 0.02843081937678218,
        "values": [
          0.0072773488300299505,
          0.009641849625040777,
          0.05766062892507762
        ]
      },
      "H2_latent_disagreement_mean": {
        "mean": 0.017872041673399508,
        "std": 0.000536943128709299,
        "values": [
          0.01731125731021166,
          0.018381450441665947,
          0.017923417268320918
        ]
      },
      "H2_latent_disagreement_error_pearson": {
        "mean": -0.3241609958982296,
        "std": 0.1653276274639934,
        "values": [
          -0.5042601654388519,
          -0.1792803865984002,
          -0.2889424356574368
        ]
      },
      "H2_survival_probability_disagreement_mean": {
        "mean": 0.018177887048902146,
        "std": 0.021615087562130212,
        "values": [
          0.0030545728805009276,
          0.008544311167497654,
          0.042934777098707855
        ]
      },
      "H3_latent_disagreement_mean": {
        "mean": 0.018213926523458213,
        "std": 0.0013353099016375572,
        "values": [
          0.01700300007360056,
          0.017992772918660194,
          0.019646006578113884
        ]
      },
      "H3_latent_disagreement_error_pearson": {
        "mean": -0.16340293859952001,
        "std": 0.5620110995542081,
        "values": [
          -0.8114235764190666,
          0.1907473163103697,
          0.13046744431013688
        ]
      },
      "H3_survival_probability_disagreement_mean": {
        "mean": 0.01585319190538333,
        "std": 0.01645009909054795,
        "values": [
          0.0031006307053758064,
          0.010037881254902459,
          0.03442106375587173
        ]
      },
      "H1_member_0_latent_mse": {
        "mean": 0.19683774840086699,
        "std": 0.016066490269697753,
        "values": [
          0.17928051855415106,
          0.21080672647804022,
          0.20042600017040968
        ]
      },
      "H1_member_0_cosine_similarity": {
        "mean": 0.8960584352413813,
        "std": 0.008796655039725423,
        "values": [
          0.9057268127799034,
          0.8885273970663548,
          0.8939210958778858
        ]
      },
      "H1_member_1_latent_mse": {
        "mean": 0.19802128802984953,
        "std": 0.015099771372268598,
        "values": [
          0.19036800600588322,
          0.18828055821359158,
          0.2154152998700738
        ]
      },
      "H1_member_1_cosine_similarity": {
        "mean": 0.8953772025803725,
        "std": 0.008281275176608979,
        "values": [
          0.8995521813631058,
          0.9007399939000607,
          0.885839432477951
        ]
      },
      "H1_member_2_latent_mse": {
        "mean": 0.19370183628052473,
        "std": 0.008494907737688146,
        "values": [
          0.1851626168936491,
          0.19379116408526897,
          0.20215172786265612
        ]
      },
      "H1_member_2_cosine_similarity": {
        "mean": 0.897746150692304,
        "std": 0.0047373345405623095,
        "values": [
          0.9024919047951698,
          0.8977292664349079,
          0.8930172808468342
        ]
      },
      "H2_member_0_latent_mse": {
        "mean": 0.1890968095200757,
        "std": 0.025590862665575954,
        "values": [
          0.16181911947205663,
          0.21257628314197063,
          0.1928950259461999
        ]
      },
      "H2_member_0_cosine_similarity": {
        "mean": 0.9001472182571888,
        "std": 0.0139351032949712,
        "values": [
          0.9150719568133354,
          0.8874765634536743,
          0.8978931345045567
        ]
      },
      "H2_member_1_latent_mse": {
        "mean": 0.18686479485283294,
        "std": 0.02372668911336018,
        "values": [
          0.17299372516572475,
          0.1733393706381321,
          0.214261288754642
        ]
      },
      "H2_member_1_cosine_similarity": {
        "mean": 0.9013571701943874,
        "std": 0.012904136026041438,
        "values": [
          0.9088643677532673,
          0.9087502397596836,
          0.8864569030702114
        ]
      },
      "H2_member_2_latent_mse": {
        "mean": 0.18417740349347392,
        "std": 0.016514928272235673,
        "values": [
          0.1693193963728845,
          0.18125398829579353,
          0.20195882581174374
        ]
      },
      "H2_member_2_cosine_similarity": {
        "mean": 0.9028363153338432,
        "std": 0.009062689441802047,
        "values": [
          0.9109745621681213,
          0.9044644758105278,
          0.8930699080228806
        ]
      },
      "H3_member_0_latent_mse": {
        "mean": 0.18482156191021204,
        "std": 0.03064619069007915,
        "values": [
          0.15226693265140057,
          0.21311287209391594,
          0.18908488098531961
        ]
      },
      "H3_member_0_cosine_similarity": {
        "mean": 0.9025362928708395,
        "std": 0.01667232416487385,
        "values": [
          0.920311450958252,
          0.8872456513345242,
          0.9000517763197422
        ]
      },
      "H3_member_1_latent_mse": {
        "mean": 0.18189118709415197,
        "std": 0.02624961077589894,
        "values": [
          0.16515679750591516,
          0.16837203409522772,
          0.21214472968131304
        ]
      },
      "H3_member_1_cosine_similarity": {
        "mean": 0.9041579278806845,
        "std": 0.014271206582426019,
        "values": [
          0.9132243357598782,
          0.9115418344736099,
          0.8877076134085655
        ]
      },
      "H3_member_2_latent_mse": {
        "mean": 0.18419206033771238,
        "std": 0.0279198122972664,
        "values": [
          0.15986587246879935,
          0.17803321778774261,
          0.21467709075659513
        ]
      },
      "H3_member_2_cosine_similarity": {
        "mean": 0.903046532223622,
        "std": 0.01499812308948991,
        "values": [
          0.9161179810762405,
          0.9063493348658085,
          0.886672280728817
        ]
      }
    }
  },
  "primary_checkpoint": "best_val_loss.pt",
  "primary_checkpoint_selection_criterion": "validation_total_loss",
  "upstream_commit": "dadb82241a24f5ec5e4e4dc994e3116fd4a9da04",
  "all_pair_counts": {
    "train": {
      "pair_count": 382,
      "unique_patient_count": 38,
      "primary_survival_pair_count": 38
    },
    "validation": {
      "pair_count": 56,
      "unique_patient_count": 5,
      "primary_survival_pair_count": 5
    }
  },
  "cohort_counts": {
    "train": {
      "trajectory_count": 74,
      "unique_patient_count": 38,
      "primary_survival_window_count": 38
    },
    "validation": {
      "trajectory_count": 11,
      "unique_patient_count": 5,
      "primary_survival_window_count": 5
    },
    "test": {
      "trajectory_count": 16,
      "unique_patient_count": 8,
      "primary_survival_window_count": 8
    }
  },
  "primary_survival_window_rule": "earliest_eligible_four_stage_window_per_patient"
}
